// Jest Snapshot v1, https://goo.gl/fbAQLP

exports[`Items should render correctly 1`] = `
<Fragment>
  <BreadcrumbCustom
    categories={Array []}
  />
  <container__Container
    mb={40}
    mt={-20}
  />
</Fragment>
`;
